Traceback (most recent call last):
  File "tools/devshell.py", line 145, in <module>
    from devshell_eval import *
  File "/Users/johnsullivan/khan/webapp/tools/devshell_eval.py", line 4, in <module>
    from assessment_items.models import *
  File "/U sers/johnsullivan/.virtualenv/khan27/lib/python2.7/sre_parse.py", line 126, in __len__
    def __len__(self):
KeyboardInterrupt\\\\n$\\\\n\\",
\\"type\\": \\"traceback\\"}", "test_result": "aborted"}'
